<html>
<body>
<pre>
<h1>µVision Build Log</h1>
<h2>Tool Versions:</h2>
IDE-Version: ¦ÌVision V5.14.0.0
Copyright (C) 2015 ARM Ltd and ARM Germany GmbH. All rights reserved.
License Information: Pu Wang, Microsoft, LIC=----
 
Tool Versions:
Toolchain:       MDK-Lite  Version: 5.14.0.0
Toolchain Path:  I:\Keil\ARM\ARMCC\Bin
C Compiler:      Armcc.exe V5.05 update 1 (build 106)
Assembler:       Armasm.exe V5.05 update 1 (build 106)
Linker/Locator:  ArmLink.exe V5.05 update 1 (build 106)
Library Manager: ArmAr.exe V5.05 update 1 (build 106)
Hex Converter:   FromElf.exe V5.05 update 1 (build 106)
CPU DLL:         SARMCM3.DLL V5.14.0.0
Dialog DLL:      DCM.DLL V1.13.1.0
Target DLL:      STLink\ST-LINKIII-KEIL_SWO.dll V2.0.14.0_KEIL
Dialog DLL:      TCM.DLL V1.14.4.0
 
<h2>Project:</h2>
C:\Users\PuWang\Desktop\STM32\TEM\TEM\Project\MDK\TEM.uvprojx
Project File Date:  01/04/2016

<h2>Output:</h2>
Build target 'Target 1'
compiling main.c...
..\..\User\led.h(17): warning:  #1-D: last line of file ends without a newline
  #endif /*LEN.H*/
..\..\User\usart1.h(27): warning:  #1-D: last line of file ends without a newline
  #endif
..\..\User\SysTick.h(30): warning:  #1-D: last line of file ends without a newline
  #endif
..\..\User\spi.h(183): warning:  #1-D: last line of file ends without a newline
  #endif
..\..\User\main.c(74): warning:  #177-D: variable "rec" was declared but never referenced
         u8 rec[1];
..\..\User\main.c: 5 warnings, 0 errors
linking...
Program Size: Code=2808 RO-data=280 RW-data=48 ZI-data=1024  
FromELF: creating hex file...
"..\..\Output\TEM.axf" - 0 Error(s), 5 Warning(s).

<h2>Collection of Component include folders:</h2>
  C:\Users\PuWang\Desktop\STM32\TEM\TEM\Project\MDK\RTE
  I:\Keil\ARM\PACK\Keil\STM32F1xx_DFP\2.0.0

<h2>Collection of Component Files used:</h2>
</pre>
</body>
</html>
